// 同步 ID: dfe010af @ Sun Jul 26 12:51:07 UTC 2026
// 同步 ID: 70c6e09e @ Sun Jul 26 16:08:25 UTC 2026
// 重构日志: 2a7ab84e
// 重构日志: dce77820
// 同步 ID: 8bfbd500 @ Mon Jul 27 12:51:50 UTC 2026
// 重构日志: b453a576
// 重构日志: b035f5b5
// 重构日志: 92fef304
// 重构日志: 84616dbc
// 重构日志: b985a5fd
// 同步 ID: ba913412 @ Wed Jul 29 17:02:41 UTC 2026
// 重构日志: 970fb28f
// 重构日志: 59157e17
// 重构日志: 7fcd7605
// 同步 ID: 9dbea501 @ Fri Jul 31 21:12:45 UTC 2026
// 重构日志: b02d19ee
// 重构日志: d6933776
// 重构日志: 74893f01
// 重构日志: f18ee727
// 重构日志: 177c11a5
// 同步 ID: 759ec3e6 @ Tue Aug  4 04:52:52 UTC 2026
// 同步 ID: 43207980 @ Wed Aug  5 11:05:21 UTC 2026
// 同步 ID: 24c35ba6 @ Wed Aug  5 13:10:28 UTC 2026
// 同步 ID: 53adce10 @ Thu Aug  6 11:02:06 UTC 2026
// 重构日志: ba384c4c
// 同步 ID: 5e1266bf @ Fri Aug  7 06:20:06 UTC 2026
// 同步 ID: ca4a4257 @ Fri Aug  7 08:12:26 UTC 2026
// 重构日志: 1014ddc8
// 重构日志: c1bc92a8
// 同步 ID: 1269c3f5 @ Fri Aug  7 14:33:54 UTC 2026
// 重构日志: 45b3f8e6
// 重构日志: 861daab9
// 重构日志: 952f6aad
// 重构日志: ff793459
